// Jest Snapshot v1, https://goo.gl/fbAQLP

exports[`Header Spec renders correctly 1`] = `
<nav
  className="sc-AxhUy iApyuV"
>
  <a
    className="sc-AxgMl gwbOQj"
    href="/"
    nature="default"
  >
    
  </a>
  <div
    className="sc-AxheI hpxKbE"
  >
    <a
      activeStyle={
        Object {
          "borderBottom": "2px solid #444",
        }
      }
      className="sc-AxjAm dKppiv"
      data-testid="nav-link"
      href="/about"
      nature="default"
    >
      About
    </a>
    <a
      activeStyle={
        Object {
          "borderBottom": "2px solid #444",
        }
      }
      className="sc-AxjAm dKppiv"
      data-testid="nav-link"
      href="/book"
      nature="default"
    >
      Contact
    </a>
  </div>
  <button
    className="sc-AxirZ cjPnhU"
    onClick={[Function]}
  >
    Menu
  </button>
</nav>
`;
