// Jest Snapshot v1, https://goo.gl/fbAQLP

exports[`Header Spec renders correctly 1`] = `
<nav
  className="sc-ifAKCX izVqPn"
>
  <a
    className="sc-EHOje ffZhMT"
    href="/"
    nature="default"
  >
    
  </a>
  <div
    className="sc-bZQynM iFlhOA"
  >
    <a
      activeStyle={
        Object {
          "textDecoration": "underline",
        }
      }
      className="sc-bdVaJa cHnYwO"
      data-testid="nav-link"
      href="/about"
      nature="default"
    >
      About
    </a>
    <a
      activeStyle={
        Object {
          "textDecoration": "underline",
        }
      }
      className="sc-bdVaJa cHnYwO"
      data-testid="nav-link"
      href="/book"
      nature="default"
    >
      Contact
    </a>
  </div>
  <button
    className="sc-bwzfXH fewVcK"
    onClick={[Function]}
  >
    Menu
  </button>
</nav>
`;
